SET pgstac."default_filter_lang" TO 'cql2-json';
SET
SELECT search('{"ids":["pgstac-test-item-0097"],"fields":{"include":["id"]}}');
 {"next": null, "prev": null, "type": "FeatureCollection", "context": {"limit": 10, "matched": 1, "returned": 1}, "features": [{"id": "pgstac-test-item-0097", "collection": "pgstac-test-collection"}]}

SELECT search('{"ids":["pgstac-test-item-0097","pgstac-test-item-0003"],"fields":{"include":["id"]}}');
 {"next": null, "prev": null, "type": "FeatureCollection", "context": {"limit": 10, "matched": 2, "returned": 2}, "features": [{"id": "pgstac-test-item-0003", "collection": "pgstac-test-collection"}, {"id": "pgstac-test-item-0097", "collection": "pgstac-test-collection"}]}

SELECT search('{"collections":["pgstac-test-collection"],"fields":{"include":["id"]}, "limit": 1}');
 {"next": "pgstac-test-item-0003", "prev": null, "type": "FeatureCollection", "context": {"limit": 1, "matched": 100, "returned": 1}, "features": [{"id": "pgstac-test-item-0003", "collection": "pgstac-test-collection"}]}

SELECT search('{"collections":["something"]}');
 {"next": null, "prev": null, "type": "FeatureCollection", "context": {"limit": 10, "matched": 0, "returned": 0}, "features": []}

SELECT search('{"collections":["something"],"fields":{"include":["id"]}}');
 {"next": null, "prev": null, "type": "FeatureCollection", "context": {"limit": 10, "matched": 0, "returned": 0}, "features": []}

SELECT search('{"filter":{"op":"t_intersects", "args":[{"property":"datetime"},"2011-08-16T00:00:00Z/2011-08-17T00:00:00Z"]}, "fields":{"include":["id","properties.datetime","properties.eo:cloud_cover"]},"sortby":[{"field":"datetime","direction":"desc"},{"field":"id","direction":"asc"}]}');
 {"next": "pgstac-test-item-0016", "prev": null, "type": "FeatureCollection", "context": {"limit": 10, "matched": 57, "returned": 10}, "features": [{"id": "pgstac-test-item-0007", "collection": "pgstac-test-collection", "properties": {"datetime": "2011-08-17T00:00:00Z", "eo:cloud_cover": 59}}, {"id": "pgstac-test-item-0008", "collection": "pgstac-test-collection", "properties": {"datetime": "2011-08-17T00:00:00Z", "eo:cloud_cover": 64}}, {"id": "pgstac-test-item-0009", "collection": "pgstac-test-collection", "properties": {"datetime": "2011-08-17T00:00:00Z", "eo:cloud_cover": 61}}, {"id": "pgstac-test-item-0010", "collection": "pgstac-test-collection", "properties": {"datetime": "2011-08-17T00:00:00Z", "eo:cloud_cover": 31}}, {"id": "pgstac-test-item-0011", "collection": "pgstac-test-collection", "properties": {"datetime": "2011-08-17T00:00:00Z", "eo:cloud_cover": 41}}, {"id": "pgstac-test-item-0012", "collection": "pgstac-test-collection", "properties": {"datetime": "2011-08-17T00:00:00Z", "eo:cloud_cover": 4}}, {"id": "pgstac-test-item-0013", "collection": "pgstac-test-collection", "properties": {"datetime": "2011-08-17T00:00:00Z", "eo:cloud_cover": 2}}, {"id": "pgstac-test-item-0014", "collection": "pgstac-test-collection", "properties": {"datetime": "2011-08-16T00:00:00Z", "eo:cloud_cover": 17}}, {"id": "pgstac-test-item-0015", "collection": "pgstac-test-collection", "properties": {"datetime": "2011-08-16T00:00:00Z", "eo:cloud_cover": 54}}, {"id": "pgstac-test-item-0016", "collection": "pgstac-test-collection", "properties": {"datetime": "2011-08-16T00:00:00Z", "eo:cloud_cover": 13}}]}

SELECT search('{"filter":{"op":"t_intersects", "args":[{"property":"datetime"},"2011-08-16T00:00:00Z/2011-08-17T00:00:00Z"]}, "fields":{"include":["id","properties.datetime","properties.eo:cloud_cover"]},"sortby":[{"field":"datetime","direction":"desc"},{"field":"id","direction":"asc"}]}');
 {"next": "pgstac-test-item-0016", "prev": null, "type": "FeatureCollection", "context": {"limit": 10, "matched": 57, "returned": 10}, "features": [{"id": "pgstac-test-item-0007", "collection": "pgstac-test-collection", "properties": {"datetime": "2011-08-17T00:00:00Z", "eo:cloud_cover": 59}}, {"id": "pgstac-test-item-0008", "collection": "pgstac-test-collection", "properties": {"datetime": "2011-08-17T00:00:00Z", "eo:cloud_cover": 64}}, {"id": "pgstac-test-item-0009", "collection": "pgstac-test-collection", "properties": {"datetime": "2011-08-17T00:00:00Z", "eo:cloud_cover": 61}}, {"id": "pgstac-test-item-0010", "collection": "pgstac-test-collection", "properties": {"datetime": "2011-08-17T00:00:00Z", "eo:cloud_cover": 31}}, {"id": "pgstac-test-item-0011", "collection": "pgstac-test-collection", "properties": {"datetime": "2011-08-17T00:00:00Z", "eo:cloud_cover": 41}}, {"id": "pgstac-test-item-0012", "collection": "pgstac-test-collection", "properties": {"datetime": "2011-08-17T00:00:00Z", "eo:cloud_cover": 4}}, {"id": "pgstac-test-item-0013", "collection": "pgstac-test-collection", "properties": {"datetime": "2011-08-17T00:00:00Z", "eo:cloud_cover": 2}}, {"id": "pgstac-test-item-0014", "collection": "pgstac-test-collection", "properties": {"datetime": "2011-08-16T00:00:00Z", "eo:cloud_cover": 17}}, {"id": "pgstac-test-item-0015", "collection": "pgstac-test-collection", "properties": {"datetime": "2011-08-16T00:00:00Z", "eo:cloud_cover": 54}}, {"id": "pgstac-test-item-0016", "collection": "pgstac-test-collection", "properties": {"datetime": "2011-08-16T00:00:00Z", "eo:cloud_cover": 13}}]}

SELECT search('{"filter":{"op":"t_intersects", "args":[{"property":"datetime"},"2011-08-16T00:00:00Z/2011-08-17T00:00:00Z"]}, "fields":{"include":["id","properties.datetime","properties.eo:cloud_cover"]},"sortby":[{"field":"datetime","direction":"desc"},{"field":"id","direction":"asc"}]}');
 {"next": "pgstac-test-item-0016", "prev": null, "type": "FeatureCollection", "context": {"limit": 10, "matched": 57, "returned": 10}, "features": [{"id": "pgstac-test-item-0007", "collection": "pgstac-test-collection", "properties": {"datetime": "2011-08-17T00:00:00Z", "eo:cloud_cover": 59}}, {"id": "pgstac-test-item-0008", "collection": "pgstac-test-collection", "properties": {"datetime": "2011-08-17T00:00:00Z", "eo:cloud_cover": 64}}, {"id": "pgstac-test-item-0009", "collection": "pgstac-test-collection", "properties": {"datetime": "2011-08-17T00:00:00Z", "eo:cloud_cover": 61}}, {"id": "pgstac-test-item-0010", "collection": "pgstac-test-collection", "properties": {"datetime": "2011-08-17T00:00:00Z", "eo:cloud_cover": 31}}, {"id": "pgstac-test-item-0011", "collection": "pgstac-test-collection", "properties": {"datetime": "2011-08-17T00:00:00Z", "eo:cloud_cover": 41}}, {"id": "pgstac-test-item-0012", "collection": "pgstac-test-collection", "properties": {"datetime": "2011-08-17T00:00:00Z", "eo:cloud_cover": 4}}, {"id": "pgstac-test-item-0013", "collection": "pgstac-test-collection", "properties": {"datetime": "2011-08-17T00:00:00Z", "eo:cloud_cover": 2}}, {"id": "pgstac-test-item-0014", "collection": "pgstac-test-collection", "properties": {"datetime": "2011-08-16T00:00:00Z", "eo:cloud_cover": 17}}, {"id": "pgstac-test-item-0015", "collection": "pgstac-test-collection", "properties": {"datetime": "2011-08-16T00:00:00Z", "eo:cloud_cover": 54}}, {"id": "pgstac-test-item-0016", "collection": "pgstac-test-collection", "properties": {"datetime": "2011-08-16T00:00:00Z", "eo:cloud_cover": 13}}]}

SELECT search('{"filter":{"op":"eq", "args":[{"property":"eo:cloud_cover"},36]}, "fields":{"include":["id","properties.datetime","properties.eo:cloud_cover"]},"sortby":[{"field":"datetime","direction":"desc"},{"field":"id","direction":"asc"}]}');
 {"next": null, "prev": null, "type": "FeatureCollection", "context": {"limit": 10, "matched": 2, "returned": 2}, "features": [{"id": "pgstac-test-item-0087", "collection": "pgstac-test-collection", "properties": {"datetime": "2011-08-01T00:00:00Z", "eo:cloud_cover": 36}}, {"id": "pgstac-test-item-0089", "collection": "pgstac-test-collection", "properties": {"datetime": "2011-07-31T00:00:00Z", "eo:cloud_cover": 36}}]}

SELECT search('{"filter":{"op":"lt", "args":[{"property":"eo:cloud_cover"},25]}, "fields":{"include":["id","properties.datetime","properties.eo:cloud_cover"]},"sortby":[{"field":"eo:cloud_cover","direction":"asc"}]}');
 {"next": "pgstac-test-item-0012", "prev": null, "type": "FeatureCollection", "context": {"limit": 10, "matched": 31, "returned": 10}, "features": [{"id": "pgstac-test-item-0097", "collection": "pgstac-test-collection", "properties": {"datetime": "2011-07-31T00:00:00Z", "eo:cloud_cover": 1}}, {"id": "pgstac-test-item-0063", "collection": "pgstac-test-collection", "properties": {"datetime": "2011-08-16T00:00:00Z", "eo:cloud_cover": 2}}, {"id": "pgstac-test-item-0013", "collection": "pgstac-test-collection", "properties": {"datetime": "2011-08-17T00:00:00Z", "eo:cloud_cover": 2}}, {"id": "pgstac-test-item-0085", "collection": "pgstac-test-collection", "properties": {"datetime": "2011-08-01T00:00:00Z", "eo:cloud_cover": 3}}, {"id": "pgstac-test-item-0073", "collection": "pgstac-test-collection", "properties": {"datetime": "2011-08-15T00:00:00Z", "eo:cloud_cover": 3}}, {"id": "pgstac-test-item-0041", "collection": "pgstac-test-collection", "properties": {"datetime": "2011-08-16T00:00:00Z", "eo:cloud_cover": 3}}, {"id": "pgstac-test-item-0034", "collection": "pgstac-test-collection", "properties": {"datetime": "2011-08-16T00:00:00Z", "eo:cloud_cover": 3}}, {"id": "pgstac-test-item-0005", "collection": "pgstac-test-collection", "properties": {"datetime": "2011-08-24T00:00:00Z", "eo:cloud_cover": 3}}, {"id": "pgstac-test-item-0048", "collection": "pgstac-test-collection", "properties": {"datetime": "2011-08-16T00:00:00Z", "eo:cloud_cover": 4}}, {"id": "pgstac-test-item-0012", "collection": "pgstac-test-collection", "properties": {"datetime": "2011-08-17T00:00:00Z", "eo:cloud_cover": 4}}]}

SELECT search('{"filter":{"op":"in","args":[{"property":"id"},["pgstac-test-item-0097"]]},"fields":{"include":["id"]}}');
 {"next": null, "prev": null, "type": "FeatureCollection", "context": {"limit": 10, "matched": 1, "returned": 1}, "features": [{"id": "pgstac-test-item-0097", "collection": "pgstac-test-collection"}]}

SELECT search('{"filter":{"op":"in","args":[{"property":"id"},["pgstac-test-item-0097","pgstac-test-item-0003"]]},"fields":{"include":["id"]}}');
 {"next": null, "prev": null, "type": "FeatureCollection", "context": {"limit": 10, "matched": 2, "returned": 2}, "features": [{"id": "pgstac-test-item-0003", "collection": "pgstac-test-collection"}, {"id": "pgstac-test-item-0097", "collection": "pgstac-test-collection"}]}

SELECT search('{"filter":{"op":"in","args":[{"property":"collection"},["pgstac-test-collection"]]},"fields":{"include":["id"]}, "limit": 1}');
 {"next": "pgstac-test-item-0003", "prev": null, "type": "FeatureCollection", "context": {"limit": 1, "matched": 100, "returned": 1}, "features": [{"id": "pgstac-test-item-0003", "collection": "pgstac-test-collection"}]}

SELECT search('{"filter":{"op":"in","args":[{"property":"collection"},["nonexistent"]]}}');
 {"next": null, "prev": null, "type": "FeatureCollection", "context": {"limit": 10, "matched": 0, "returned": 0}, "features": []}

SELECT search('{"filter":{"op":"in","args":[{"property":"collection"},["nonexistent"]]}, "conf":{"context":"off"}}');
 {"next": null, "prev": null, "type": "FeatureCollection", "context": {"limit": 10, "returned": 0}, "features": []}

SELECT search('{"conf": {"nohydrate": true}, "limit": 2}');
 {"next": "pgstac-test-item-0002", "prev": null, "type": "FeatureCollection", "context": {"limit": 2, "matched": 100, "returned": 2}, "features": [{"id": "pgstac-test-item-0003", "bbox": [-85.379245, 30.933949, -85.308201, 31.003555], "type": "Feature", "links": [], "assets": {"image": {"href": "https://naipeuwest.blob.core.windows.net/naip/v002/al/2011/al_100cm_2011/30085/m_3008506_nw_16_1_20110825.tif"}, "metadata": {"href": "https://naipeuwest.blob.core.windows.net/naip/v002/al/2011/al_fgdc_2011/30085/m_3008506_nw_16_1_20110825.txt"}, "thumbnail": {"href": "https://naipeuwest.blob.core.windows.net/naip/v002/al/2011/al_100cm_2011/30085/m_3008506_nw_16_1_20110825.200.jpg"}}, "geometry": {"type": "Polygon", "coordinates": [[[-85.309412, 30.933949], [-85.308201, 31.002658], [-85.378084, 31.003555], [-85.379245, 30.934843], [-85.309412, 30.933949]]]}, "collection": "pgstac-test-collection", "properties": {"gsd": 1, "datetime": "2011-08-25T00:00:00Z", "naip:year": "2011", "proj:bbox": [654842, 3423507, 661516, 3431125], "proj:epsg": 26916, "providers": [{"url": "https://www.fsa.usda.gov/programs-and-services/aerial-photography/imagery-programs/naip-imagery/", "name": "USDA Farm Service Agency", "roles": ["producer", "licensor"]}], "naip:state": "al", "proj:shape": [7618, 6674], "eo:cloud_cover": 28, "proj:transform": [1, 0, 654842, 0, -1, 3431125, 0, 0, 1]}, "stac_extensions": ["eo", "projection"]}, {"id": "pgstac-test-item-0002", "bbox": [-85.504167, 30.934008, -85.433293, 31.003486], "type": "Feature", "links": [], "assets": {"image": {"href": "https://naipeuwest.blob.core.windows.net/naip/v002/al/2011/al_100cm_2011/30085/m_3008505_nw_16_1_20110825.tif"}, "metadata": {"href": "https://naipeuwest.blob.core.windows.net/naip/v002/al/2011/al_fgdc_2011/30085/m_3008505_nw_16_1_20110825.txt"}, "thumbnail": {"href": "https://naipeuwest.blob.core.windows.net/naip/v002/al/2011/al_100cm_2011/30085/m_3008505_nw_16_1_20110825.200.jpg"}}, "geometry": {"type": "Polygon", "coordinates": [[[-85.434414, 30.934008], [-85.433293, 31.002658], [-85.503096, 31.003486], [-85.504167, 30.934834], [-85.434414, 30.934008]]]}, "collection": "pgstac-test-collection", "properties": {"gsd": 1, "datetime": "2011-08-25T00:00:00Z", "naip:year": "2011", "proj:bbox": [642906, 3423339, 649572, 3430950], "proj:epsg": 26916, "providers": [{"url": "https://www.fsa.usda.gov/programs-and-services/aerial-photography/imagery-programs/naip-imagery/", "name": "USDA Farm Service Agency", "roles": ["producer", "licensor"]}], "naip:state": "al", "proj:shape": [7611, 6666], "eo:cloud_cover": 33, "proj:transform": [1, 0, 642906, 0, -1, 3430950, 0, 0, 1]}, "stac_extensions": ["eo", "projection"]}]}

SELECT search('{"filter":{"op":"in","args":[{"property":"naip:state"},["zz","xx"]]},"fields":{"include":["id"]}}');
 {"next": null, "prev": null, "type": "FeatureCollection", "context": {"limit": 10, "matched": 2, "returned": 2}, "features": [{"id": "pgstac-test-item-0085", "collection": "pgstac-test-collection"}, {"id": "pgstac-test-item-0100", "collection": "pgstac-test-collection"}]}

SELECT search('{"filter":{"op":"in","args":[{"property":"naip:year"},[2012,2013]]},"fields":{"include":["id"]}}');
 {"next": null, "prev": null, "type": "FeatureCollection", "context": {"limit": 10, "matched": 2, "returned": 2}, "features": [{"id": "pgstac-test-item-0085", "collection": "pgstac-test-collection"}, {"id": "pgstac-test-item-0100", "collection": "pgstac-test-collection"}]}

SELECT search('{"filter":{"op":"a_equals","args":[{"property":"proj:bbox"},[654842, 3423507, 661516, 3431125]]},"fields":{"include":["id"]}}');
 {"next": null, "prev": null, "type": "FeatureCollection", "context": {"limit": 10, "matched": 1, "returned": 1}, "features": [{"id": "pgstac-test-item-0003", "collection": "pgstac-test-collection"}]}

SELECT search('{"filter":{"op":"a_equals","args":[[654842, 3423507, 661516, 3431125],{"property":"proj:bbox"}]},"fields":{"include":["id"]}}');
 {"next": null, "prev": null, "type": "FeatureCollection", "context": {"limit": 10, "matched": 1, "returned": 1}, "features": [{"id": "pgstac-test-item-0003", "collection": "pgstac-test-collection"}]}

SELECT search('{"filter":{"op":"a_equals","args":[[654842, 3423507, 661516],{"property":"proj:bbox"}]},"fields":{"include":["id"]}}');
 {"next": null, "prev": null, "type": "FeatureCollection", "context": {"limit": 10, "matched": 0, "returned": 0}, "features": []}

SELECT search('{"filter":{"op":"a_overlaps","args":[{"property":"proj:bbox"},[654842, 3423507, 661516, 12345]]},"fields":{"include":["id"]}}');
 {"next": null, "prev": null, "type": "FeatureCollection", "context": {"limit": 10, "matched": 1, "returned": 1}, "features": [{"id": "pgstac-test-item-0003", "collection": "pgstac-test-collection"}]}

SELECT search('{"filter":{"op":"a_overlaps","args":[{"property":"proj:bbox"},[12345]]},"fields":{"include":["id"]}}');
 {"next": null, "prev": null, "type": "FeatureCollection", "context": {"limit": 10, "matched": 0, "returned": 0}, "features": []}

SELECT search('{"filter":{"op":"a_contains","args":[{"property":"proj:bbox"},[654842, 3423507, 661516]]},"fields":{"include":["id"]}}');
 {"next": null, "prev": null, "type": "FeatureCollection", "context": {"limit": 10, "matched": 1, "returned": 1}, "features": [{"id": "pgstac-test-item-0003", "collection": "pgstac-test-collection"}]}

SELECT search('{"filter":{"op":"a_contains","args":[{"property":"proj:bbox"},[654842, 3423507, 661516, 12345]]},"fields":{"include":["id"]}}');
 {"next": null, "prev": null, "type": "FeatureCollection", "context": {"limit": 10, "matched": 0, "returned": 0}, "features": []}

SELECT search('{"filter":{"op":"a_contained_by","args":[{"property":"proj:bbox"},[654842, 3423507, 661516]]},"fields":{"include":["id"]}}');
 {"next": null, "prev": null, "type": "FeatureCollection", "context": {"limit": 10, "matched": 0, "returned": 0}, "features": []}

SELECT search('{"filter":{"op":"a_contained_by","args":[{"property":"proj:bbox"},[654842, 3423507, 661516, 3431125, 234324]]},"fields":{"include":["id"]}}');
 {"next": null, "prev": null, "type": "FeatureCollection", "context": {"limit": 10, "matched": 1, "returned": 1}, "features": [{"id": "pgstac-test-item-0003", "collection": "pgstac-test-collection"}]}

-- Test Paging
SELECT search('{"fields":{"include":["id","properties.datetime","properties.eo:cloud_cover"]},"sortby":[{"field":"properties.eo:cloud_cover","direction":"asc"},{"field":"datetime","direction":"desc"},{"field":"id","direction":"asc"}]}');
 {"next": "pgstac-test-item-0048", "prev": null, "type": "FeatureCollection", "context": {"limit": 10, "matched": 100, "returned": 10}, "features": [{"id": "pgstac-test-item-0097", "collection": "pgstac-test-collection", "properties": {"datetime": "2011-07-31T00:00:00Z", "eo:cloud_cover": 1}}, {"id": "pgstac-test-item-0013", "collection": "pgstac-test-collection", "properties": {"datetime": "2011-08-17T00:00:00Z", "eo:cloud_cover": 2}}, {"id": "pgstac-test-item-0063", "collection": "pgstac-test-collection", "properties": {"datetime": "2011-08-16T00:00:00Z", "eo:cloud_cover": 2}}, {"id": "pgstac-test-item-0005", "collection": "pgstac-test-collection", "properties": {"datetime": "2011-08-24T00:00:00Z", "eo:cloud_cover": 3}}, {"id": "pgstac-test-item-0034", "collection": "pgstac-test-collection", "properties": {"datetime": "2011-08-16T00:00:00Z", "eo:cloud_cover": 3}}, {"id": "pgstac-test-item-0041", "collection": "pgstac-test-collection", "properties": {"datetime": "2011-08-16T00:00:00Z", "eo:cloud_cover": 3}}, {"id": "pgstac-test-item-0073", "collection": "pgstac-test-collection", "properties": {"datetime": "2011-08-15T00:00:00Z", "eo:cloud_cover": 3}}, {"id": "pgstac-test-item-0085", "collection": "pgstac-test-collection", "properties": {"datetime": "2011-08-01T00:00:00Z", "eo:cloud_cover": 3}}, {"id": "pgstac-test-item-0012", "collection": "pgstac-test-collection", "properties": {"datetime": "2011-08-17T00:00:00Z", "eo:cloud_cover": 4}}, {"id": "pgstac-test-item-0048", "collection": "pgstac-test-collection", "properties": {"datetime": "2011-08-16T00:00:00Z", "eo:cloud_cover": 4}}]}

SELECT search('{"token":"next:pgstac-test-item-0048", "fields":{"include":["id","properties.datetime","properties.eo:cloud_cover"]},"sortby":[{"field":"properties.eo:cloud_cover","direction":"asc"},{"field":"datetime","direction":"desc"},{"field":"id","direction":"asc"}]}');
 {"next": "pgstac-test-item-0016", "prev": "pgstac-test-item-0054", "type": "FeatureCollection", "context": {"limit": 10, "matched": 100, "returned": 10}, "features": [{"id": "pgstac-test-item-0054", "collection": "pgstac-test-collection", "properties": {"datetime": "2011-08-16T00:00:00Z", "eo:cloud_cover": 5}}, {"id": "pgstac-test-item-0032", "collection": "pgstac-test-collection", "properties": {"datetime": "2011-08-16T00:00:00Z", "eo:cloud_cover": 7}}, {"id": "pgstac-test-item-0057", "collection": "pgstac-test-collection", "properties": {"datetime": "2011-08-16T00:00:00Z", "eo:cloud_cover": 7}}, {"id": "pgstac-test-item-0075", "collection": "pgstac-test-collection", "properties": {"datetime": "2011-08-15T00:00:00Z", "eo:cloud_cover": 8}}, {"id": "pgstac-test-item-0049", "collection": "pgstac-test-collection", "properties": {"datetime": "2011-08-16T00:00:00Z", "eo:cloud_cover": 9}}, {"id": "pgstac-test-item-0040", "collection": "pgstac-test-collection", "properties": {"datetime": "2011-08-16T00:00:00Z", "eo:cloud_cover": 10}}, {"id": "pgstac-test-item-0036", "collection": "pgstac-test-collection", "properties": {"datetime": "2011-08-16T00:00:00Z", "eo:cloud_cover": 12}}, {"id": "pgstac-test-item-0039", "collection": "pgstac-test-collection", "properties": {"datetime": "2011-08-16T00:00:00Z", "eo:cloud_cover": 12}}, {"id": "pgstac-test-item-0052", "collection": "pgstac-test-collection", "properties": {"datetime": "2011-08-16T00:00:00Z", "eo:cloud_cover": 12}}, {"id": "pgstac-test-item-0016", "collection": "pgstac-test-collection", "properties": {"datetime": "2011-08-16T00:00:00Z", "eo:cloud_cover": 13}}]}

SELECT search('{"token":"next:pgstac-test-item-0016", "fields":{"include":["id","properties.datetime","properties.eo:cloud_cover"]},"sortby":[{"field":"properties.eo:cloud_cover","direction":"asc"},{"field":"datetime","direction":"desc"},{"field":"id","direction":"asc"}]}');
 {"next": "pgstac-test-item-0053", "prev": "pgstac-test-item-0030", "type": "FeatureCollection", "context": {"limit": 10, "matched": 100, "returned": 10}, "features": [{"id": "pgstac-test-item-0030", "collection": "pgstac-test-collection", "properties": {"datetime": "2011-08-16T00:00:00Z", "eo:cloud_cover": 16}}, {"id": "pgstac-test-item-0031", "collection": "pgstac-test-collection", "properties": {"datetime": "2011-08-16T00:00:00Z", "eo:cloud_cover": 16}}, {"id": "pgstac-test-item-0046", "collection": "pgstac-test-collection", "properties": {"datetime": "2011-08-16T00:00:00Z", "eo:cloud_cover": 16}}, {"id": "pgstac-test-item-0014", "collection": "pgstac-test-collection", "properties": {"datetime": "2011-08-16T00:00:00Z", "eo:cloud_cover": 17}}, {"id": "pgstac-test-item-0078", "collection": "pgstac-test-collection", "properties": {"datetime": "2011-08-15T00:00:00Z", "eo:cloud_cover": 21}}, {"id": "pgstac-test-item-0051", "collection": "pgstac-test-collection", "properties": {"datetime": "2011-08-16T00:00:00Z", "eo:cloud_cover": 22}}, {"id": "pgstac-test-item-0068", "collection": "pgstac-test-collection", "properties": {"datetime": "2011-08-15T00:00:00Z", "eo:cloud_cover": 22}}, {"id": "pgstac-test-item-0004", "collection": "pgstac-test-collection", "properties": {"datetime": "2011-08-24T00:00:00Z", "eo:cloud_cover": 23}}, {"id": "pgstac-test-item-0088", "collection": "pgstac-test-collection", "properties": {"datetime": "2011-08-01T00:00:00Z", "eo:cloud_cover": 23}}, {"id": "pgstac-test-item-0053", "collection": "pgstac-test-collection", "properties": {"datetime": "2011-08-16T00:00:00Z", "eo:cloud_cover": 24}}]}

SELECT search('{"token":"prev:pgstac-test-item-0030", "fields":{"include":["id","properties.datetime","properties.eo:cloud_cover"]},"sortby":[{"field":"properties.eo:cloud_cover","direction":"asc"},{"field":"datetime","direction":"desc"},{"field":"id","direction":"asc"}]}');
 {"next": "pgstac-test-item-0016", "prev": "pgstac-test-item-0054", "type": "FeatureCollection", "context": {"limit": 10, "matched": 100, "returned": 10}, "features": [{"id": "pgstac-test-item-0054", "collection": "pgstac-test-collection", "properties": {"datetime": "2011-08-16T00:00:00Z", "eo:cloud_cover": 5}}, {"id": "pgstac-test-item-0032", "collection": "pgstac-test-collection", "properties": {"datetime": "2011-08-16T00:00:00Z", "eo:cloud_cover": 7}}, {"id": "pgstac-test-item-0057", "collection": "pgstac-test-collection", "properties": {"datetime": "2011-08-16T00:00:00Z", "eo:cloud_cover": 7}}, {"id": "pgstac-test-item-0075", "collection": "pgstac-test-collection", "properties": {"datetime": "2011-08-15T00:00:00Z", "eo:cloud_cover": 8}}, {"id": "pgstac-test-item-0049", "collection": "pgstac-test-collection", "properties": {"datetime": "2011-08-16T00:00:00Z", "eo:cloud_cover": 9}}, {"id": "pgstac-test-item-0040", "collection": "pgstac-test-collection", "properties": {"datetime": "2011-08-16T00:00:00Z", "eo:cloud_cover": 10}}, {"id": "pgstac-test-item-0036", "collection": "pgstac-test-collection", "properties": {"datetime": "2011-08-16T00:00:00Z", "eo:cloud_cover": 12}}, {"id": "pgstac-test-item-0039", "collection": "pgstac-test-collection", "properties": {"datetime": "2011-08-16T00:00:00Z", "eo:cloud_cover": 12}}, {"id": "pgstac-test-item-0052", "collection": "pgstac-test-collection", "properties": {"datetime": "2011-08-16T00:00:00Z", "eo:cloud_cover": 12}}, {"id": "pgstac-test-item-0016", "collection": "pgstac-test-collection", "properties": {"datetime": "2011-08-16T00:00:00Z", "eo:cloud_cover": 13}}]}

SELECT search('{"token":"prev:pgstac-test-item-0054", "fields":{"include":["id","properties.datetime","properties.eo:cloud_cover"]},"sortby":[{"field":"properties.eo:cloud_cover","direction":"asc"},{"field":"datetime","direction":"desc"},{"field":"id","direction":"asc"}]}');
 {"next": "pgstac-test-item-0048", "prev": null, "type": "FeatureCollection", "context": {"limit": 10, "matched": 100, "returned": 10}, "features": [{"id": "pgstac-test-item-0097", "collection": "pgstac-test-collection", "properties": {"datetime": "2011-07-31T00:00:00Z", "eo:cloud_cover": 1}}, {"id": "pgstac-test-item-0013", "collection": "pgstac-test-collection", "properties": {"datetime": "2011-08-17T00:00:00Z", "eo:cloud_cover": 2}}, {"id": "pgstac-test-item-0063", "collection": "pgstac-test-collection", "properties": {"datetime": "2011-08-16T00:00:00Z", "eo:cloud_cover": 2}}, {"id": "pgstac-test-item-0005", "collection": "pgstac-test-collection", "properties": {"datetime": "2011-08-24T00:00:00Z", "eo:cloud_cover": 3}}, {"id": "pgstac-test-item-0034", "collection": "pgstac-test-collection", "properties": {"datetime": "2011-08-16T00:00:00Z", "eo:cloud_cover": 3}}, {"id": "pgstac-test-item-0041", "collection": "pgstac-test-collection", "properties": {"datetime": "2011-08-16T00:00:00Z", "eo:cloud_cover": 3}}, {"id": "pgstac-test-item-0073", "collection": "pgstac-test-collection", "properties": {"datetime": "2011-08-15T00:00:00Z", "eo:cloud_cover": 3}}, {"id": "pgstac-test-item-0085", "collection": "pgstac-test-collection", "properties": {"datetime": "2011-08-01T00:00:00Z", "eo:cloud_cover": 3}}, {"id": "pgstac-test-item-0012", "collection": "pgstac-test-collection", "properties": {"datetime": "2011-08-17T00:00:00Z", "eo:cloud_cover": 4}}, {"id": "pgstac-test-item-0048", "collection": "pgstac-test-collection", "properties": {"datetime": "2011-08-16T00:00:00Z", "eo:cloud_cover": 4}}]}

-- Test paging without fields extension
SELECT jsonb_path_query(search('{"fields":{"include":["id","properties.datetime","properties.eo:cloud_cover"]},"sortby":[{"field":"properties.eo:cloud_cover","direction":"asc"},{"field":"datetime","direction":"desc"},{"field":"id","direction":"asc"}]}'), '$.features[*].id');
"pgstac-test-item-0097"
"pgstac-test-item-0013"
"pgstac-test-item-0063"
"pgstac-test-item-0005"
"pgstac-test-item-0034"
"pgstac-test-item-0041"
"pgstac-test-item-0073"
"pgstac-test-item-0085"
"pgstac-test-item-0012"
"pgstac-test-item-0048"

SELECT jsonb_path_query(search('{"token":"next:pgstac-test-item-0048","sortby":[{"field":"properties.eo:cloud_cover","direction":"asc"},{"field":"datetime","direction":"desc"},{"field":"id","direction":"asc"}]}'), '$.features[*].id');
"pgstac-test-item-0054"
"pgstac-test-item-0032"
"pgstac-test-item-0057"
"pgstac-test-item-0075"
"pgstac-test-item-0049"
"pgstac-test-item-0040"
"pgstac-test-item-0036"
"pgstac-test-item-0039"
"pgstac-test-item-0052"
"pgstac-test-item-0016"

SELECT jsonb_path_query(search('{"token":"next:pgstac-test-item-0016","sortby":[{"field":"properties.eo:cloud_cover","direction":"asc"},{"field":"datetime","direction":"desc"},{"field":"id","direction":"asc"}]}'), '$.features[*].id');
"pgstac-test-item-0030"
"pgstac-test-item-0031"
"pgstac-test-item-0046"
"pgstac-test-item-0014"
"pgstac-test-item-0078"
"pgstac-test-item-0051"
"pgstac-test-item-0068"
"pgstac-test-item-0004"
"pgstac-test-item-0088"
"pgstac-test-item-0053"

SELECT jsonb_path_query(search('{"token":"prev:pgstac-test-item-0030","sortby":[{"field":"properties.eo:cloud_cover","direction":"asc"},{"field":"datetime","direction":"desc"},{"field":"id","direction":"asc"}]}'), '$.features[*].id');
"pgstac-test-item-0054"
"pgstac-test-item-0032"
"pgstac-test-item-0057"
"pgstac-test-item-0075"
"pgstac-test-item-0049"
"pgstac-test-item-0040"
"pgstac-test-item-0036"
"pgstac-test-item-0039"
"pgstac-test-item-0052"
"pgstac-test-item-0016"

SELECT jsonb_path_query(search('{"token":"prev:pgstac-test-item-0054","sortby":[{"field":"properties.eo:cloud_cover","direction":"asc"},{"field":"datetime","direction":"desc"},{"field":"id","direction":"asc"}]}'), '$.features[*].id');
"pgstac-test-item-0097"
"pgstac-test-item-0013"
"pgstac-test-item-0063"
"pgstac-test-item-0005"
"pgstac-test-item-0034"
"pgstac-test-item-0041"
"pgstac-test-item-0073"
"pgstac-test-item-0085"
"pgstac-test-item-0012"
"pgstac-test-item-0048"



\set QUIET 1
\set ECHO none
